Case #1: 25
Case #2: 0
Case #3: 17
Case #4: 8
Case #5: 0
Case #6: 1470
Case #7: 140
Case #8: 1833
Case #9: 2771
Case #10: 2807
Case #11: 2367
Case #12: 0
Case #13: 1770
Case #14: 2059
Case #15: 2061
Case #16: 2955
Case #17: 0
Case #18: 1961
Case #19: 2779
Case #20: 0
Case #21: 1542
Case #22: 0
Case #23: 864
Case #24: 0
Case #25: 0
Case #26: 499
Case #27: 2685
Case #28: 2739
Case #29: 5
Case #30: 0
Case #31: 0
Case #32: 0
Case #33: 0
Case #34: 0
Case #35: 0
Case #36: 0
Case #37: 2195
Case #38: 0
Case #39: 2799
Case #40: 256
Case #41: 1835
Case #42: 1938
Case #43: 2947
Case #44: 1587
Case #45: 2286
Case #46: 2983
Case #47: 2009
Case #48: 0
Case #49: 0
Case #50: 0
Case #51: 2169
Case #52: 1764
Case #53: 3141
Case #54: 1926
Case #55: 487
Case #56: 3357
Case #57: 3417
Case #58: 900
Case #59: 2061
Case #60: 2715
Case #61: 2493
Case #62: 0
Case #63: 0
Case #64: 0
Case #65: 0
Case #66: 1308
Case #67: 0
Case #68: 1895
Case #69: 2316
Case #70: 0
Case #71: 0
Case #72: 499
Case #73: 1865
Case #74: 0
Case #75: 2009
Case #76: 0
Case #77: 0
Case #78: 0
Case #79: 0
Case #80: 479
Case #81: 499
Case #82: 1630
Case #83: 2334
Case #84: 2155
Case #85: 2105
Case #86: 2335
Case #87: 3493
Case #88: 0
Case #89: 2979
Case #90: 1677
Case #91: 2505
Case #92: 1816
Case #93: 0
Case #94: 2147
Case #95: 2191
Case #96: 2097
Case #97: 0
Case #98: 2569
Case #99: 1562
Case #100: 0
