Case #1: 25
Case #2: 0
Case #3: 17
Case #4: 8
Case #5: 496144121791941455
Case #6: 17641153587879555
Case #7: 286769863688388025
Case #8: 0
Case #9: 85505347
Case #10: 478591485116157031
Case #11: 0
Case #12: 12868710231968641
Case #13: 275911965343616638
Case #14: 598393
Case #15: 286203570191081647
Case #16: 377461660157163838
Case #17: 1084152647827398
Case #18: 0
Case #19: 296531217390240000
Case #20: 0
Case #21: 0
Case #22: 94135753979901589
Case #23: 350237087342057295
Case #24: 408172039140800467
Case #25: 377936461274354889
Case #26: 0
Case #27: 3126244
Case #28: 0
Case #29: 170833813164547
Case #30: 334110196244142118
Case #31: 1463234556491
Case #32: 495971197747470545
Case #33: 380911502114826694
Case #34: 367241171134905298
Case #35: 50725633970
Case #36: 478296900000000000
Case #37: 353738499074297869
Case #38: 292901256979403711
Case #39: 415903846
Case #40: 439
Case #41: 0
Case #42: 14428478
Case #43: 0
Case #44: 0
Case #45: 7453237136676
Case #46: 444782089120234802
Case #47: 0
Case #48: 0
Case #49: 0
Case #50: 0
Case #51: 390534722655489395
Case #52: 10587719867
Case #53: 0
Case #54: 0
Case #55: 0
Case #56: 0
Case #57: 0
Case #58: 0
Case #59: 0
Case #60: 0
Case #61: 176818
Case #62: 0
Case #63: 15438435003747001
Case #64: 14947383139579081
Case #65: 288230376151711744
Case #66: 318818557156891849
Case #67: 303110846822902347
Case #68: 268286741566662182
Case #69: 361263407639536310
Case #70: 4220621936560956
Case #71: 279562786278
Case #72: 0
Case #73: 323943714422162765
Case #74: 0
Case #75: 0
Case #76: 0
Case #77: 2048160343
Case #78: 14008864816262201
Case #79: 343346263791731710
Case #80: 14003240577825113
Case #81: 316130793723565730
Case #82: 0
Case #83: 14237115159500689
Case #84: 0
Case #85: 0
Case #86: 25768418438334000
Case #87: 428729691945983848
Case #88: 0
Case #89: 444223250467651584
Case #90: 0
Case #91: 0
Case #92: 5429
Case #93: 29273
Case #94: 478362581928000000
Case #95: 319103264262704141
Case #96: 356337562868925449
Case #97: 262809240911659963
Case #98: 0
Case #99: 44253794481202
Case #100: 383192958253722775
