Case #1: 25
Case #2: 0
Case #3: 17
Case #4: 8
Case #5: 0
Case #6: 40223
Case #7: 28612
Case #8: 0
Case #9: 35777
Case #10: 33402
Case #11: 29329
Case #12: 0
Case #13: 41912
Case #14: 39131
Case #15: 35534
Case #16: 28482
Case #17: 36031
Case #18: 28667
Case #19: 467
Case #20: 34823
Case #21: 0
Case #22: 34992
Case #23: 0
Case #24: 0
Case #25: 39044
Case #26: 48403
Case #27: 487
Case #28: 0
Case #29: 32021
Case #30: 31937
Case #31: 0
Case #32: 491
Case #33: 38880
Case #34: 38253
Case #35: 2100
Case #36: 491
Case #37: 29747
Case #38: 0
Case #39: 0
Case #40: 27553
Case #41: 0
Case #42: 32768
Case #43: 0
Case #44: 25990
Case #45: 0
Case #46: 29109
Case #47: 45126
Case #48: 39057
Case #49: 43684
Case #50: 37671
Case #51: 0
Case #52: 0
Case #53: 1456
Case #54: 0
Case #55: 0
Case #56: 0
Case #57: 36782
Case #58: 31061
Case #59: 0
Case #60: 36010
Case #61: 37723
Case #62: 42790
Case #63: 0
Case #64: 0
Case #65: 0
Case #66: 0
Case #67: 33491
Case #68: 42681
Case #69: 0
Case #70: 443
Case #71: 33673
Case #72: 0
Case #73: 21437
Case #74: 38095
Case #75: 33027
Case #76: 45374
Case #77: 45790
Case #78: 33155
Case #79: 41838
Case #80: 36838
Case #81: 499
Case #82: 5306
Case #83: 0
Case #84: 0
Case #85: 23050
Case #86: 34374
Case #87: 36181
Case #88: 41291
Case #89: 35000
Case #90: 0
Case #91: 0
Case #92: 0
Case #93: 0
Case #94: 39818
Case #95: 73
Case #96: 27633
Case #97: 44002
Case #98: 0
Case #99: 42401
Case #100: 34650
