Case #1: 1
Case #2: 1
Case #3: 2
Case #4: 0
Case #5: 0
Case #6: 1
Case #7: 1
Case #8: 0
Case #9: 3
Case #10: 2
Case #11: 0
Case #12: 1
Case #13: 3
Case #14: 0
Case #15: 1
Case #16: 2
Case #17: 0
Case #18: 3
Case #19: 2
Case #20: 0
Case #21: 0
Case #22: 1
Case #23: 1
Case #24: 0
Case #25: 3
Case #26: 1
Case #27: 1
Case #28: 2
Case #29: 1
Case #30: 0
Case #31: 0
Case #32: 0
Case #33: 0
Case #34: 3
Case #35: 1
Case #36: 1
Case #37: 4
Case #38: 1
Case #39: 0
Case #40: 0
Case #41: 0
Case #42: 0
Case #43: 1
Case #44: 1
Case #45: 1
Case #46: 1
Case #47: 2
Case #48: 2
Case #49: 3
Case #50: 1
Case #51: 0
Case #52: 1
Case #53: 1
Case #54: 3
Case #55: 1
Case #56: 3
Case #57: 0
Case #58: 2
Case #59: 1
Case #60: 1
Case #61: 1
Case #62: 1
Case #63: 1
Case #64: 2
Case #65: 1
Case #66: 1
Case #67: 1
Case #68: 1
Case #69: 0
Case #70: 0
Case #71: 2
Case #72: 0
Case #73: 1
Case #74: 1
Case #75: 2
Case #76: 1
Case #77: 3
Case #78: 1
Case #79: 2
Case #80: 1
Case #81: 0
Case #82: 1
Case #83: 0
Case #84: 1
Case #85: 1
Case #86: 1
Case #87: 2
Case #88: 2
Case #89: 0
Case #90: 3
Case #91: 1
Case #92: 3
Case #93: 1
Case #94: 2
Case #95: 1
Case #96: 0
Case #97: 1
Case #98: 0
Case #99: 1
Case #100: 3
