Case #1: 7
Case #2: 172
Case #3: 206
Case #4: 722
Case #5: 2181
Case #6: 4895
Case #7: 452
Case #8: 122
Case #9: 79
Case #10: 564
Case #11: 188
Case #12: 762
Case #13: 798
Case #14: 227
Case #15: 212
Case #16: 955
Case #17: 922
Case #18: 275
Case #19: 15
Case #20: 696
Case #21: 407
Case #22: 11
Case #23: 1546
Case #24: 5
Case #25: 155
Case #26: 17
Case #27: 1941
Case #28: 0
Case #29: 8
Case #30: 853
Case #31: 1315
Case #32: 418
Case #33: 66
Case #34: 157
Case #35: 539
Case #36: 192
Case #37: 194
Case #38: 188
Case #39: 1399
Case #40: 228
Case #41: 74
Case #42: 1007
Case #43: 89
Case #44: 814
Case #45: 561
Case #46: 634
Case #47: 43
Case #48: 361
Case #49: 1554
Case #50: 382
Case #51: 31
Case #52: 10
Case #53: 558
Case #54: 182
Case #55: 616
Case #56: 1666
Case #57: 1583
Case #58: 376
Case #59: 72
Case #60: 235
Case #61: 4
Case #62: 88
Case #63: 205
Case #64: 1530
Case #65: 498
Case #66: 3675
Case #67: 954
Case #68: 385
Case #69: 208
Case #70: 2272
Case #71: 2152
Case #72: 281
Case #73: 967
Case #74: 1158
Case #75: 94
Case #76: 2
Case #77: 2192
Case #78: 1739
Case #79: 2191
Case #80: 439
Case #81: 605
Case #82: 1611
Case #83: 682
Case #84: 388
Case #85: 193
Case #86: 574
Case #87: 41
Case #88: 3
Case #89: 652
Case #90: 623
Case #91: 895
Case #92: 45
Case #93: 1342
Case #94: 349
Case #95: 188
Case #96: 4950
Case #97: 327
Case #98: 1482
Case #99: 6
Case #100: 2115
